<?xml version="1.0" encoding="utf-8"?><testsuites><testsuite errors="0" failures="0" hostname="DIT004281" name="pytest" skipped="0" tests="120" time="0.522" timestamp="2024-10-07T15:49:17.947826"><testcase classname="tests.test_base" file="tests/test_base.py" line="21" name="test_fallback_cache_used" time="0.001"></testcase><testcase classname="tests.test_base" file="tests/test_base.py" line="29" name="test_fallback_cache_not_used" time="0.001"></testcase><testcase classname="tests.test_buyer" file="tests/test_buyer.py" line="15" name="test_send_form" time="0.009"></testcase><testcase classname="tests.test_buyer" file="tests/test_buyer.py" line="25" name="test_get_csv_dump" time="0.003"></testcase><testcase classname="tests.test_client" file="tests/test_client.py" line="21" name="test_exporting" time="0.000"></testcase><testcase classname="tests.test_client" file="tests/test_client.py" line="27" name="test_enrolment" time="0.000"></testcase><testcase classname="tests.test_client" file="tests/test_client.py" line="33" name="test_company" time="0.000"></testcase><testcase classname="tests.test_client" file="tests/test_client.py" line="39" name="test_supplier" time="0.000"></testcase><testcase classname="tests.test_client" file="tests/test_client.py" line="45" name="test_buyer" time="0.000"></testcase><testcase classname="tests.test_client" file="tests/test_client.py" line="51" name="test_personalisation" time="0.000"></testcase><testcase classname="tests.test_client" file="tests/test_client.py" line="57" name="test_ping" time="0.003"></testcase><testcase classname="tests.test_client" file="tests/test_client.py" line="66" name="test_timeout" time="0.000"></testcase><testcase classname="tests.test_client" file="tests/test_client.py" line="70" name="test_sender_id" time="0.000"></testcase><testcase classname="tests.test_company" file="tests/test_company.py" line="17" name="test_profile_update_handles_data" time="0.002"></testcase><testcase classname="tests.test_company" file="tests/test_company.py" line="28" name="test_profile_update_handles_files" time="0.002"></testcase><testcase classname="tests.test_company" file="tests/test_company.py" line="40" name="test_profile_update_handles_files_and_data" time="0.002"></testcase><testcase classname="tests.test_company" file="tests/test_company.py" line="57" name="test_profile_retrieve" time="0.002"></testcase><testcase classname="tests.test_company" file="tests/test_company.py" line="67" name="test_published_profile_retrieve" time="0.003"></testcase><testcase classname="tests.test_company" file="tests/test_company.py" line="76" name="test_validate_company_number" time="0.002"></testcase><testcase classname="tests.test_company" file="tests/test_company.py" line="86" name="test_case_study_create" time="0.002"></testcase><testcase classname="tests.test_company" file="tests/test_company.py" line="98" name="test_case_study_create_handles_files" time="0.002"></testcase><testcase classname="tests.test_company" file="tests/test_company.py" line="119" name="test_case_study_create_handles_files_and_data" time="0.002"></testcase><testcase classname="tests.test_company" file="tests/test_company.py" line="137" name="test_case_study_update" time="0.002"></testcase><testcase classname="tests.test_company" file="tests/test_company.py" line="148" name="test_case_study_update_hanles_files" time="0.002"></testcase><testcase classname="tests.test_company" file="tests/test_company.py" line="169" name="test_case_study_update_hanles_files_and_data" time="0.002"></testcase><testcase classname="tests.test_company" file="tests/test_company.py" line="187" name="test_case_study_delete" time="0.002"></testcase><testcase classname="tests.test_company" file="tests/test_company.py" line="196" name="test_case_study_retrieve" time="0.002"></testcase><testcase classname="tests.test_company" file="tests/test_company.py" line="206" name="test_published_case_study_retrieve" time="0.002"></testcase><testcase classname="tests.test_company" file="tests/test_company.py" line="215" name="test_verify_with_code" time="0.002"></testcase><testcase classname="tests.test_company" file="tests/test_company.py" line="226" name="test_verify_with_companies_house" time="0.002"></testcase><testcase classname="tests.test_company" file="tests/test_company.py" line="237" name="test_search_find_a_supplier" time="0.002"></testcase><testcase classname="tests.test_company" file="tests/test_company.py" line="258" name="test_search_investment_support_directory" time="0.003"></testcase><testcase classname="tests.test_company" file="tests/test_company.py" line="281" name="test_collaborator_invite_create" time="0.002"></testcase><testcase classname="tests.test_company" file="tests/test_company.py" line="292" name="test_collaborator_invite_retrieve" time="0.002"></testcase><testcase classname="tests.test_company" file="tests/test_company.py" line="301" name="test_collaborator_invite_accept" time="0.002"></testcase><testcase classname="tests.test_company" file="tests/test_company.py" line="317" name="test_collaborator_disconnect" time="0.002"></testcase><testcase classname="tests.test_company" file="tests/test_company.py" line="328" name="test_collaborator_list" time="0.002"></testcase><testcase classname="tests.test_company" file="tests/test_company.py" line="338" name="test_verify_identity_request" time="0.002"></testcase><testcase classname="tests.test_company" file="tests/test_company.py" line="348" name="test_collaborator_create" time="0.002"></testcase><testcase classname="tests.test_company" file="tests/test_company.py" line="373" name="test_collaborator_invite_list" time="0.002"></testcase><testcase classname="tests.test_company" file="tests/test_company.py" line="383" name="test_collaborator_invite_delete" time="0.002"></testcase><testcase classname="tests.test_company" file="tests/test_company.py" line="392" name="test_collaborator_role_update" time="0.002"></testcase><testcase classname="tests.test_company" file="tests/test_company.py" line="402" name="test_collaboration_request_create" time="0.002"></testcase><testcase classname="tests.test_company" file="tests/test_company.py" line="413" name="test_collaborator_request_list" time="0.002"></testcase><testcase classname="tests.test_company" file="tests/test_company.py" line="423" name="test_collaboration_request_accept" time="0.002"></testcase><testcase classname="tests.test_company" file="tests/test_company.py" line="434" name="test_collaboration_request_delete" time="0.002"></testcase><testcase classname="tests.test_company" file="tests/test_company.py" line="443" name="test_delete_company_handles_user" time="0.002"></testcase><testcase classname="tests.test_dataservices" file="tests/test_dataservices.py" line="15" name="test_get_markets_data" time="0.003"></testcase><testcase classname="tests.test_dataservices" file="tests/test_dataservices.py" line="22" name="test_get_country_data_by_country" time="0.002"></testcase><testcase classname="tests.test_dataservices" file="tests/test_dataservices.py" line="29" name="test_get_cia_world_factbook_data" time="0.002"></testcase><testcase classname="tests.test_dataservices" file="tests/test_dataservices.py" line="37" name="test_get_society_data_by_country" time="0.002"></testcase><testcase classname="tests.test_dataservices" file="tests/test_dataservices.py" line="45" name="test_get_last_year_import_data_by_country" time="0.002"></testcase><testcase classname="tests.test_dataservices" file="tests/test_dataservices.py" line="53" name="test_suggested_countries_by_hs_code" time="0.002"></testcase><testcase classname="tests.test_dataservices" file="tests/test_dataservices.py" line="62" name="test_trading_blocs_by_country" time="0.002"></testcase><testcase classname="tests.test_dataservices" file="tests/test_dataservices.py" line="71" name="test_get_trade_barriers_by_countries_sectors" time="0.002"></testcase><testcase classname="tests.test_dataservices" file="tests/test_dataservices.py" line="79" name="test_get_market_trends_by_country" time="0.004"></testcase><testcase classname="tests.test_dataservices" file="tests/test_dataservices.py" line="91" name="test_get_trade_highlights_by_country" time="0.002"></testcase><testcase classname="tests.test_dataservices" file="tests/test_dataservices.py" line="99" name="test_get_commodity_exports_data_by_country" time="0.002"></testcase><testcase classname="tests.test_dataservices" file="tests/test_dataservices.py" line="107" name="test_get_top_five_services" time="0.002"></testcase><testcase classname="tests.test_dataservices" file="tests/test_dataservices.py" line="115" name="test_get_top_five_goods" time="0.002"></testcase><testcase classname="tests.test_dataservices" file="tests/test_dataservices.py" line="123" name="test_get_economic_highlights" time="0.002"></testcase><testcase classname="tests.test_dataservices" file="tests/test_dataservices.py" line="130" name="test_list_uk_free_trade_agreements" time="0.002"></testcase><testcase classname="tests.test_dataservices" file="tests/test_dataservices.py" line="137" name="test_business_cluster_information_sic_only" time="0.002"></testcase><testcase classname="tests.test_dataservices" file="tests/test_dataservices.py" line="144" name="test_business_cluster_information_sic_and_geo" time="0.002"></testcase><testcase classname="tests.test_dataservices" file="tests/test_dataservices.py" line="151" name="test_business_cluster_information_dbt_sector_only" time="0.002"></testcase><testcase classname="tests.test_dataservices" file="tests/test_dataservices.py" line="158" name="test_business_cluster_information_dbt_sector_and_geo" time="0.002"></testcase><testcase classname="tests.test_dataservices" file="tests/test_dataservices.py" line="170" name="test_eyb_salary_vertical" time="0.002"></testcase><testcase classname="tests.test_dataservices" file="tests/test_dataservices.py" line="177" name="test_eyb_salary_geo_description_vertical" time="0.002"></testcase><testcase classname="tests.test_dataservices" file="tests/test_dataservices.py" line="184" name="test_eyb_salary_geo_description_vertical_professional_level" time="0.002"></testcase><testcase classname="tests.test_dataservices" file="tests/test_dataservices.py" line="194" name="test_eyb_commercial_rent_data_geo_description" time="0.002"></testcase><testcase classname="tests.test_dataservices" file="tests/test_dataservices.py" line="201" name="test_eyb_commercial_rent_data_geo_description_vertical" time="0.002"></testcase><testcase classname="tests.test_dataservices" file="tests/test_dataservices.py" line="208" name="test_eyb_commercial_rent_data_geo_description_vertical_sub_vertical" time="0.002"></testcase><testcase classname="tests.test_dataservices" file="tests/test_dataservices.py" line="218" name="test_dbt_sectors" time="0.002"></testcase><testcase classname="tests.test_dataservices" file="tests/test_dataservices.py" line="225" name="test_gva_bandings" time="0.002"></testcase><testcase classname="tests.test_dataservices" file="tests/test_dataservices.py" line="232" name="test_" time="0.003"></testcase><testcase classname="tests.test_enrolment" file="tests/test_enrolment.py" line="15" name="test_send_form" time="0.002"></testcase><testcase classname="tests.test_enrolment" file="tests/test_enrolment.py" line="24" name="test_claim_prepeveried_company" time="0.002"></testcase><testcase classname="tests.test_enrolment" file="tests/test_enrolment.py" line="40" name="test_retrieve_prepeveried_company" time="0.002"></testcase><testcase classname="tests.test_exporting" file="tests/test_exporting.py" line="15" name="test_lookup_regional_offices_by_postcode" time="0.002"></testcase><testcase classname="tests.test_exportplan" file="tests/test_exportplan.py" line="17" name="test_exportplan_retrieve" time="0.002"></testcase><testcase classname="tests.test_exportplan" file="tests/test_exportplan.py" line="26" name="test_exportplan_detail_list" time="0.002"></testcase><testcase classname="tests.test_exportplan" file="tests/test_exportplan.py" line="34" name="test_exportplan_create" time="0.002"></testcase><testcase classname="tests.test_exportplan" file="tests/test_exportplan.py" line="44" name="test_exportplan_delete" time="0.002"></testcase><testcase classname="tests.test_exportplan" file="tests/test_exportplan.py" line="53" name="test_exportplan_update" time="0.002"></testcase><testcase classname="tests.test_exportplan" file="tests/test_exportplan.py" line="63" name="test_model_object_create_retrieve" time="0.005"></testcase><testcase classname="tests.test_exportplan" file="tests/test_exportplan.py" line="72" name="test_model_object_create" time="0.002"></testcase><testcase classname="tests.test_exportplan" file="tests/test_exportplan.py" line="82" name="test_model_object_update" time="0.002"></testcase><testcase classname="tests.test_exportplan" file="tests/test_exportplan.py" line="92" name="test_model_object_delete" time="0.003"></testcase><testcase classname="tests.test_exportplan" file="tests/test_exportplan.py" line="101" name="test_pdf_upload" time="0.002"></testcase><testcase classname="tests.test_notifications" file="tests/test_notifications.py" line="15" name="test_anonymous_unsubscribe" time="0.002"></testcase><testcase classname="tests.test_personalisation" file="tests/test_personalisation.py" line="15" name="test_personalisation_create" time="0.002"></testcase><testcase classname="tests.test_personalisation" file="tests/test_personalisation.py" line="26" name="test_personalisation_events_by_location_list" time="0.002"></testcase><testcase classname="tests.test_personalisation" file="tests/test_personalisation.py" line="35" name="test_personalisation_export_opportunities_by_relevance_list" time="0.003"></testcase><testcase classname="tests.test_personalisation" file="tests/test_personalisation.py" line="51" name="test_recommended_countries_by_sector" time="0.002"></testcase><testcase classname="tests.test_supplier" file="tests/test_supplier.py" line="15" name="test_profile_update" time="0.002"></testcase><testcase classname="tests.test_supplier" file="tests/test_supplier.py" line="27" name="test_retrieve_profile" time="0.002"></testcase><testcase classname="tests.test_supplier" file="tests/test_supplier.py" line="36" name="test_unsubscribe" time="0.002"></testcase><testcase classname="tests.test_supplier" file="tests/test_supplier.py" line="46" name="test_get_csv_dump" time="0.002"></testcase><testcase classname="tests.test_supplier" file="tests/test_supplier.py" line="57" name="test_disconnect_from_company" time="0.002"></testcase><testcase classname="tests.test_supplier" file="tests/test_supplier.py" line="67" name="test_list_sso_ids" time="0.002"></testcase><testcase classname="tests.test_survey" file="tests/test_survey.py" line="15" name="test_get_survey_details" time="0.002"></testcase><testcase classname="tests.test_testapiclient" file="tests/test_testapiclient.py" line="29" name="test_get_company_by_ch_id" time="0.003"></testcase><testcase classname="tests.test_testapiclient" file="tests/test_testapiclient.py" line="38" name="test_get_company_should_return_404_on_missing_ch_id" time="0.002"></testcase><testcase classname="tests.test_testapiclient" file="tests/test_testapiclient.py" line="47" name="test_get_company_should_return_404_on_empty_ch_id" time="0.002"></testcase><testcase classname="tests.test_testapiclient" file="tests/test_testapiclient.py" line="56" name="test_get_company_should_make_request_on_empty_ch_id" time="0.002"></testcase><testcase classname="tests.test_testapiclient" file="tests/test_testapiclient.py" line="65" name="test_get_company_should_make_request_on_no_ch_id" time="0.002"></testcase><testcase classname="tests.test_testapiclient" file="tests/test_testapiclient.py" line="74" name="test_get_company" time="0.002"></testcase><testcase classname="tests.test_testapiclient" file="tests/test_testapiclient.py" line="83" name="test_delete_company_by_ch_id" time="0.002"></testcase><testcase classname="tests.test_testapiclient" file="tests/test_testapiclient.py" line="92" name="test_delete_company_should_return_404_on_missing_ch_id" time="0.002"></testcase><testcase classname="tests.test_testapiclient" file="tests/test_testapiclient.py" line="101" name="test_delete_company_should_return_404_on_empty_ch_id" time="0.002"></testcase><testcase classname="tests.test_testapiclient" file="tests/test_testapiclient.py" line="110" name="test_delete_company_should_make_request_on_empty_ch_id" time="0.002"></testcase><testcase classname="tests.test_testapiclient" file="tests/test_testapiclient.py" line="119" name="test_delete_company_should_make_request_on_no_ch_id" time="0.002"></testcase><testcase classname="tests.test_testapiclient" file="tests/test_testapiclient.py" line="128" name="test_delete_company" time="0.002"></testcase><testcase classname="tests.test_testapiclient" file="tests/test_testapiclient.py" line="137" name="test_get_published_companies_without_optional_parameters" time="0.002"></testcase><testcase classname="tests.test_testapiclient" file="tests/test_testapiclient.py" line="146" name="test_get_published_companies_check_request" time="0.002"></testcase><testcase classname="tests.test_testapiclient" file="tests/test_testapiclient.py" line="155" name="test_get_published_companies_with_both_filters" time="0.002"></testcase><testcase classname="tests.test_testapiclient" file="tests/test_testapiclient.py" line="166" name="test_get_published_companies_with_one_filter" time="0.005"></testcase><testcase classname="tests.test_testapiclient" file="tests/test_testapiclient.py" line="176" name="test_get_company_by_ch_id_with_authenticator" time="0.002"></testcase><testcase classname="tests.test_testapiclient" file="tests/test_testapiclient.py" line="184" name="test_delete_company_by_ch_id_with_authenticator" time="0.002"></testcase><testcase classname="tests.test_testapiclient" file="tests/test_testapiclient.py" line="193" name="test_get_published_companies_without_optional_parameters_with_authenticator" time="0.002"></testcase></testsuite></testsuites>